I'm sorry, but errors were detected in your script. Please correct the
errors listed below, and try again.


File "game/scripts/events.rpy", line 24: invalid syntax
            call self.add_current_day(1)
                  ^
    

Ren'Py Version: Ren'Py 8.0.3.22090809
Wed Nov 16 19:43:24 2022
